// 同步 ID: 7cc9e7a4 @ Fri Jul 24 07:48:07 UTC 2026
// 同步 ID: b1e73fbc @ Fri Jul 24 10:38:14 UTC 2026
// 重构日志: 9f7dbb05
// 重构日志: 9204b2d3
// 同步 ID: 14bfeea1 @ Sat Jul 25 07:22:52 UTC 2026
// 重构日志: 4901a3c9
// 重构日志: 30cf6279
// 重构日志: 3beb9678
// 重构日志: 7632ea14
// 重构日志: 5f74d4e8
// 重构日志: 42b74a2c
// 重构日志: c5a1bfb6
// 重构日志: 2d1467eb
// 同步 ID: 83fe1442 @ Mon Jul 27 18:05:03 UTC 2026
// 同步 ID: 97712799 @ Tue Jul 28 01:47:32 UTC 2026
// 重构日志: dcabcbc0
// 重构日志: b00367bf
// 同步 ID: f73f0c74 @ Wed Jul 29 05:16:36 UTC 2026
// 同步 ID: 8974a2aa @ Wed Jul 29 10:34:51 UTC 2026
// 同步 ID: 3a57df32 @ Thu Jul 30 07:57:23 UTC 2026
// 同步 ID: 9cd6941e @ Thu Jul 30 15:15:39 UTC 2026
// 重构日志: b1ad8bd5
// 重构日志: 51ea1935
// 重构日志: 18ad7045
// 重构日志: de7f764f
// 同步 ID: 6bdaa625 @ Sat Aug  1 08:49:05 UTC 2026
// 同步 ID: 2ac7cf10 @ Sat Aug  1 10:44:33 UTC 2026
// 同步 ID: 8f08fdde @ Sat Aug  1 13:28:01 UTC 2026
// 重构日志: 4182e0de
// 同步 ID: afa47145 @ Sat Aug  1 18:16:23 UTC 2026
// 重构日志: 7740ad57
